H:/STM32WB5MM-DK Project/Zigbee_OnOff_Client_Router/Zigbee_OnOff_Client_Router/Core/Src/hw_uart.c:69:6:HW_UART_Receive_IT	24	static
H:/STM32WB5MM-DK Project/Zigbee_OnOff_Client_Router/Zigbee_OnOff_Client_Router/Core/Src/hw_uart.c:94:6:HW_UART_Transmit_IT	24	static
H:/STM32WB5MM-DK Project/Zigbee_OnOff_Client_Router/Zigbee_OnOff_Client_Router/Core/Src/hw_uart.c:117:13:HW_UART_Transmit	32	static
H:/STM32WB5MM-DK Project/Zigbee_OnOff_Client_Router/Zigbee_OnOff_Client_Router/Core/Src/hw_uart.c:165:13:HW_UART_Transmit_DMA	32	static
H:/STM32WB5MM-DK Project/Zigbee_OnOff_Client_Router/Zigbee_OnOff_Client_Router/Core/Src/hw_uart.c:217:6:HW_UART_Interrupt_Handler	16	static
H:/STM32WB5MM-DK Project/Zigbee_OnOff_Client_Router/Zigbee_OnOff_Client_Router/Core/Src/hw_uart.c:240:6:HW_UART_DMA_Interrupt_Handler	16	static
H:/STM32WB5MM-DK Project/Zigbee_OnOff_Client_Router/Zigbee_OnOff_Client_Router/Core/Src/hw_uart.c:263:6:HAL_UART_RxCpltCallback	16	static
H:/STM32WB5MM-DK Project/Zigbee_OnOff_Client_Router/Zigbee_OnOff_Client_Router/Core/Src/hw_uart.c:292:6:HAL_UART_TxCpltCallback	16	static
