../../Drivers/STM32WBxx_HAL_Driver/Inc/stm32wbxx_ll_rcc.h:1679:22:LL_RCC_LSE_SetDriveCapability	1
../../Drivers/STM32WBxx_HAL_Driver/Inc/stm32wbxx_ll_bus.h:364:22:LL_AHB1_GRP1_EnableClock	1
../../Drivers/STM32WBxx_HAL_Driver/Inc/stm32wbxx_ll_cortex.h:311:22:LL_LPM_EnableSleep	1
H:/STM32WB5MM-DK Project/Zigbee_OnOff_Client_Router/Zigbee_OnOff_Client_Router/Core/Src/main.c:77:5:main	1
H:/STM32WB5MM-DK Project/Zigbee_OnOff_Client_Router/Zigbee_OnOff_Client_Router/Core/Src/main.c:133:6:SystemClock_Config	3
H:/STM32WB5MM-DK Project/Zigbee_OnOff_Client_Router/Zigbee_OnOff_Client_Router/Core/Src/main.c:190:6:PeriphCommonClock_Config	2
H:/STM32WB5MM-DK Project/Zigbee_OnOff_Client_Router/Zigbee_OnOff_Client_Router/Core/Src/main.c:228:13:MX_IPCC_Init	2
H:/STM32WB5MM-DK Project/Zigbee_OnOff_Client_Router/Zigbee_OnOff_Client_Router/Core/Src/main.c:254:13:MX_RF_Init	1
H:/STM32WB5MM-DK Project/Zigbee_OnOff_Client_Router/Zigbee_OnOff_Client_Router/Core/Src/main.c:275:13:MX_RTC_Init	2
H:/STM32WB5MM-DK Project/Zigbee_OnOff_Client_Router/Zigbee_OnOff_Client_Router/Core/Src/main.c:311:6:MX_USART1_UART_Init	5
H:/STM32WB5MM-DK Project/Zigbee_OnOff_Client_Router/Zigbee_OnOff_Client_Router/Core/Src/main.c:357:13:MX_DMA_Init	1
H:/STM32WB5MM-DK Project/Zigbee_OnOff_Client_Router/Zigbee_OnOff_Client_Router/Core/Src/main.c:383:6:HAL_Delay	3
H:/STM32WB5MM-DK Project/Zigbee_OnOff_Client_Router/Zigbee_OnOff_Client_Router/Core/Src/main.c:418:6:Error_Handler	1
