H:/STM32WB5MM-DK Project/Zigbee_OnOff_Client_Router/Zigbee_OnOff_Client_Router/Core/Src/stm32wbxx_it.c:72:6:NMI_Handler	4	static
H:/STM32WB5MM-DK Project/Zigbee_OnOff_Client_Router/Zigbee_OnOff_Client_Router/Core/Src/stm32wbxx_it.c:87:6:HardFault_Handler	4	static
H:/STM32WB5MM-DK Project/Zigbee_OnOff_Client_Router/Zigbee_OnOff_Client_Router/Core/Src/stm32wbxx_it.c:102:6:MemManage_Handler	4	static
H:/STM32WB5MM-DK Project/Zigbee_OnOff_Client_Router/Zigbee_OnOff_Client_Router/Core/Src/stm32wbxx_it.c:117:6:BusFault_Handler	4	static
H:/STM32WB5MM-DK Project/Zigbee_OnOff_Client_Router/Zigbee_OnOff_Client_Router/Core/Src/stm32wbxx_it.c:132:6:UsageFault_Handler	4	static
H:/STM32WB5MM-DK Project/Zigbee_OnOff_Client_Router/Zigbee_OnOff_Client_Router/Core/Src/stm32wbxx_it.c:147:6:SVC_Handler	4	static
H:/STM32WB5MM-DK Project/Zigbee_OnOff_Client_Router/Zigbee_OnOff_Client_Router/Core/Src/stm32wbxx_it.c:160:6:DebugMon_Handler	4	static
H:/STM32WB5MM-DK Project/Zigbee_OnOff_Client_Router/Zigbee_OnOff_Client_Router/Core/Src/stm32wbxx_it.c:173:6:PendSV_Handler	4	static
H:/STM32WB5MM-DK Project/Zigbee_OnOff_Client_Router/Zigbee_OnOff_Client_Router/Core/Src/stm32wbxx_it.c:186:6:SysTick_Handler	8	static
H:/STM32WB5MM-DK Project/Zigbee_OnOff_Client_Router/Zigbee_OnOff_Client_Router/Core/Src/stm32wbxx_it.c:207:6:PVD_PVM_IRQHandler	8	static
H:/STM32WB5MM-DK Project/Zigbee_OnOff_Client_Router/Zigbee_OnOff_Client_Router/Core/Src/stm32wbxx_it.c:221:6:FLASH_IRQHandler	8	static
H:/STM32WB5MM-DK Project/Zigbee_OnOff_Client_Router/Zigbee_OnOff_Client_Router/Core/Src/stm32wbxx_it.c:235:6:RCC_IRQHandler	4	static
H:/STM32WB5MM-DK Project/Zigbee_OnOff_Client_Router/Zigbee_OnOff_Client_Router/Core/Src/stm32wbxx_it.c:248:6:C2SEV_PWR_C2H_IRQHandler	4	static
H:/STM32WB5MM-DK Project/Zigbee_OnOff_Client_Router/Zigbee_OnOff_Client_Router/Core/Src/stm32wbxx_it.c:261:6:USART1_IRQHandler	8	static
H:/STM32WB5MM-DK Project/Zigbee_OnOff_Client_Router/Zigbee_OnOff_Client_Router/Core/Src/stm32wbxx_it.c:275:6:HSEM_IRQHandler	8	static
H:/STM32WB5MM-DK Project/Zigbee_OnOff_Client_Router/Zigbee_OnOff_Client_Router/Core/Src/stm32wbxx_it.c:289:6:DMA2_Channel4_IRQHandler	8	static
H:/STM32WB5MM-DK Project/Zigbee_OnOff_Client_Router/Zigbee_OnOff_Client_Router/Core/Src/stm32wbxx_it.c:303:6:PWR_SOTF_BLEACT_802ACT_RFPHASE_IRQHandler	4	static
H:/STM32WB5MM-DK Project/Zigbee_OnOff_Client_Router/Zigbee_OnOff_Client_Router/Core/Src/stm32wbxx_it.c:316:6:IPCC_C1_RX_IRQHandler	8	static
H:/STM32WB5MM-DK Project/Zigbee_OnOff_Client_Router/Zigbee_OnOff_Client_Router/Core/Src/stm32wbxx_it.c:330:6:IPCC_C1_TX_IRQHandler	8	static
H:/STM32WB5MM-DK Project/Zigbee_OnOff_Client_Router/Zigbee_OnOff_Client_Router/Core/Src/stm32wbxx_it.c:340:6:EXTI15_10_IRQHandler	8	static
H:/STM32WB5MM-DK Project/Zigbee_OnOff_Client_Router/Zigbee_OnOff_Client_Router/Core/Src/stm32wbxx_it.c:350:6:TIM1_TRG_COM_TIM17_IRQHandler	8	static
H:/STM32WB5MM-DK Project/Zigbee_OnOff_Client_Router/Zigbee_OnOff_Client_Router/Core/Src/stm32wbxx_it.c:358:6:FPU_IRQHandler	4	static
H:/STM32WB5MM-DK Project/Zigbee_OnOff_Client_Router/Zigbee_OnOff_Client_Router/Core/Src/stm32wbxx_it.c:365:6:RTC_WKUP_IRQHandler	8	static
