../../Drivers/STM32WBxx_HAL_Driver/Inc/stm32wbxx_ll_rcc.h:2883:22:LL_RCC_EnableRTC	4	static
../../Drivers/STM32WBxx_HAL_Driver/Inc/stm32wbxx_ll_rcc.h:2893:22:LL_RCC_DisableRTC	4	static
../../Drivers/STM32WBxx_HAL_Driver/Inc/stm32wbxx_ll_bus.h:539:22:LL_AHB2_GRP1_EnableClock	24	static
../../Drivers/STM32WBxx_HAL_Driver/Inc/stm32wbxx_ll_bus.h:744:22:LL_AHB3_GRP1_EnableClock	24	static
../../Drivers/STM32WBxx_HAL_Driver/Inc/stm32wbxx_ll_bus.h:798:22:LL_AHB3_GRP1_DisableClock	16	static
../../Drivers/STM32WBxx_HAL_Driver/Inc/stm32wbxx_ll_bus.h:939:22:LL_APB1_GRP1_EnableClock	24	static
../../Drivers/STM32WBxx_HAL_Driver/Inc/stm32wbxx_ll_bus.h:1038:22:LL_APB1_GRP1_DisableClock	16	static
../../Drivers/STM32WBxx_HAL_Driver/Inc/stm32wbxx_ll_bus.h:1274:22:LL_APB2_GRP1_EnableClock	24	static
../../Drivers/STM32WBxx_HAL_Driver/Inc/stm32wbxx_ll_bus.h:1328:22:LL_APB2_GRP1_DisableClock	16	static
H:/STM32WB5MM-DK Project/Zigbee_OnOff_Client_Router/Zigbee_OnOff_Client_Router/Core/Src/stm32wbxx_hal_msp.c:64:6:HAL_MspInit	8	static
H:/STM32WB5MM-DK Project/Zigbee_OnOff_Client_Router/Zigbee_OnOff_Client_Router/Core/Src/stm32wbxx_hal_msp.c:108:6:HAL_IPCC_MspInit	16	static
H:/STM32WB5MM-DK Project/Zigbee_OnOff_Client_Router/Zigbee_OnOff_Client_Router/Core/Src/stm32wbxx_hal_msp.c:135:6:HAL_IPCC_MspDeInit	16	static
H:/STM32WB5MM-DK Project/Zigbee_OnOff_Client_Router/Zigbee_OnOff_Client_Router/Core/Src/stm32wbxx_hal_msp.c:161:6:HAL_RTC_MspInit	96	static
H:/STM32WB5MM-DK Project/Zigbee_OnOff_Client_Router/Zigbee_OnOff_Client_Router/Core/Src/stm32wbxx_hal_msp.c:195:6:HAL_RTC_MspDeInit	16	static
H:/STM32WB5MM-DK Project/Zigbee_OnOff_Client_Router/Zigbee_OnOff_Client_Router/Core/Src/stm32wbxx_hal_msp.c:218:6:HAL_UART_MspInit	120	static
H:/STM32WB5MM-DK Project/Zigbee_OnOff_Client_Router/Zigbee_OnOff_Client_Router/Core/Src/stm32wbxx_hal_msp.c:294:6:HAL_UART_MspDeInit	16	static
