H:/STM32WB5MM-DK Project/Zigbee_OnOff_Server_Coord/Zigbee_OnOff_Server_Coord/STM32_WPAN/App/app_zigbee.c:132:28:onOff_server_off_cb	32	static
H:/STM32WB5MM-DK Project/Zigbee_OnOff_Server_Coord/Zigbee_OnOff_Server_Coord/STM32_WPAN/App/app_zigbee.c:159:28:onOff_server_on_cb	32	static
H:/STM32WB5MM-DK Project/Zigbee_OnOff_Server_Coord/Zigbee_OnOff_Server_Coord/STM32_WPAN/App/app_zigbee.c:186:28:onOff_server_toggle_cb	40	static
H:/STM32WB5MM-DK Project/Zigbee_OnOff_Server_Coord/Zigbee_OnOff_Server_Coord/STM32_WPAN/App/app_zigbee.c:212:6:APP_ZIGBEE_Init	16	static
H:/STM32WB5MM-DK Project/Zigbee_OnOff_Server_Coord/Zigbee_OnOff_Server_Coord/STM32_WPAN/App/app_zigbee.c:257:13:APP_ZIGBEE_StackLayersInit	8	static
H:/STM32WB5MM-DK Project/Zigbee_OnOff_Server_Coord/Zigbee_OnOff_Server_Coord/STM32_WPAN/App/app_zigbee.c:293:13:APP_ZIGBEE_ConfigEndpoints	40	static
H:/STM32WB5MM-DK Project/Zigbee_OnOff_Server_Coord/Zigbee_OnOff_Server_Coord/STM32_WPAN/App/app_zigbee.c:320:13:APP_ZIGBEE_NwkForm	496	static
H:/STM32WB5MM-DK Project/Zigbee_OnOff_Server_Coord/Zigbee_OnOff_Server_Coord/STM32_WPAN/App/app_zigbee.c:411:13:ZbStartupWaitCb	24	static
H:/STM32WB5MM-DK Project/Zigbee_OnOff_Server_Coord/Zigbee_OnOff_Server_Coord/STM32_WPAN/App/app_zigbee.c:426:20:ZbStartupWait	24	static
H:/STM32WB5MM-DK Project/Zigbee_OnOff_Server_Coord/Zigbee_OnOff_Server_Coord/STM32_WPAN/App/app_zigbee.c:456:6:APP_ZIGBEE_Error	16	static
H:/STM32WB5MM-DK Project/Zigbee_OnOff_Server_Coord/Zigbee_OnOff_Server_Coord/STM32_WPAN/App/app_zigbee.c:478:13:APP_ZIGBEE_TraceError	24	static
H:/STM32WB5MM-DK Project/Zigbee_OnOff_Server_Coord/Zigbee_OnOff_Server_Coord/STM32_WPAN/App/app_zigbee.c:498:13:APP_ZIGBEE_CheckWirelessFirmwareInfo	104	static
H:/STM32WB5MM-DK Project/Zigbee_OnOff_Server_Coord/Zigbee_OnOff_Server_Coord/STM32_WPAN/App/app_zigbee.c:561:6:APP_ZIGBEE_RegisterCmdBuffer	16	static
H:/STM32WB5MM-DK Project/Zigbee_OnOff_Server_Coord/Zigbee_OnOff_Server_Coord/STM32_WPAN/App/app_zigbee.c:566:24:ZIGBEE_Get_OTCmdPayloadBuffer	4	static
H:/STM32WB5MM-DK Project/Zigbee_OnOff_Server_Coord/Zigbee_OnOff_Server_Coord/STM32_WPAN/App/app_zigbee.c:571:24:ZIGBEE_Get_OTCmdRspPayloadBuffer	4	static
H:/STM32WB5MM-DK Project/Zigbee_OnOff_Server_Coord/Zigbee_OnOff_Server_Coord/STM32_WPAN/App/app_zigbee.c:576:24:ZIGBEE_Get_NotificationPayloadBuffer	4	static
H:/STM32WB5MM-DK Project/Zigbee_OnOff_Server_Coord/Zigbee_OnOff_Server_Coord/STM32_WPAN/App/app_zigbee.c:581:24:ZIGBEE_Get_M0RequestPayloadBuffer	4	static
H:/STM32WB5MM-DK Project/Zigbee_OnOff_Server_Coord/Zigbee_OnOff_Server_Coord/STM32_WPAN/App/app_zigbee.c:591:6:ZIGBEE_CmdTransfer	16	static
H:/STM32WB5MM-DK Project/Zigbee_OnOff_Server_Coord/Zigbee_OnOff_Server_Coord/STM32_WPAN/App/app_zigbee.c:613:6:ZIGBEE_CmdTransferWithNotif	8	static
H:/STM32WB5MM-DK Project/Zigbee_OnOff_Server_Coord/Zigbee_OnOff_Server_Coord/STM32_WPAN/App/app_zigbee.c:624:6:TL_ZIGBEE_CmdEvtReceived	16	static
H:/STM32WB5MM-DK Project/Zigbee_OnOff_Server_Coord/Zigbee_OnOff_Server_Coord/STM32_WPAN/App/app_zigbee.c:637:6:TL_ZIGBEE_NotReceived	16	static
H:/STM32WB5MM-DK Project/Zigbee_OnOff_Server_Coord/Zigbee_OnOff_Server_Coord/STM32_WPAN/App/app_zigbee.c:652:6:Pre_ZigbeeCmdProcessing	8	static
H:/STM32WB5MM-DK Project/Zigbee_OnOff_Server_Coord/Zigbee_OnOff_Server_Coord/STM32_WPAN/App/app_zigbee.c:662:13:Wait_Getting_Ack_From_M0	8	static
H:/STM32WB5MM-DK Project/Zigbee_OnOff_Server_Coord/Zigbee_OnOff_Server_Coord/STM32_WPAN/App/app_zigbee.c:674:13:Receive_Ack_From_M0	8	static
H:/STM32WB5MM-DK Project/Zigbee_OnOff_Server_Coord/Zigbee_OnOff_Server_Coord/STM32_WPAN/App/app_zigbee.c:685:13:Receive_Notification_From_M0	8	static
H:/STM32WB5MM-DK Project/Zigbee_OnOff_Server_Coord/Zigbee_OnOff_Server_Coord/STM32_WPAN/App/app_zigbee.c:696:6:TL_ZIGBEE_M0RequestReceived	16	static
H:/STM32WB5MM-DK Project/Zigbee_OnOff_Server_Coord/Zigbee_OnOff_Server_Coord/STM32_WPAN/App/app_zigbee.c:709:6:APP_ZIGBEE_TL_INIT	8	static
H:/STM32WB5MM-DK Project/Zigbee_OnOff_Server_Coord/Zigbee_OnOff_Server_Coord/STM32_WPAN/App/app_zigbee.c:722:13:APP_ZIGBEE_ProcessNotifyM0ToM4	8	static
H:/STM32WB5MM-DK Project/Zigbee_OnOff_Server_Coord/Zigbee_OnOff_Server_Coord/STM32_WPAN/App/app_zigbee.c:737:13:APP_ZIGBEE_ProcessRequestM0ToM4	8	static
H:/STM32WB5MM-DK Project/Zigbee_OnOff_Server_Coord/Zigbee_OnOff_Server_Coord/STM32_WPAN/App/app_zigbee.c:751:13:APP_ZIGBEE_ConfigGroupAddr	24	static
H:/STM32WB5MM-DK Project/Zigbee_OnOff_Server_Coord/Zigbee_OnOff_Server_Coord/STM32_WPAN/App/app_zigbee.c:768:13:APP_ZIGBEE_PermitJoin	16	static
H:/STM32WB5MM-DK Project/Zigbee_OnOff_Server_Coord/Zigbee_OnOff_Server_Coord/STM32_WPAN/App/app_zigbee.c:785:13:APP_ZIGBEE_ZbZdoPermitJoinReq_cb	16	static
