../../Drivers/STM32WBxx_HAL_Driver/Inc/stm32wbxx_ll_pwr.h:1663:22:LL_C2_PWR_SetPowerMode	16	static
../../Drivers/STM32WBxx_HAL_Driver/Inc/stm32wbxx_ll_exti.h:391:22:LL_EXTI_EnableIT_32_63	16	static
../../Drivers/STM32WBxx_HAL_Driver/Inc/stm32wbxx_ll_exti.h:417:22:LL_C2_EXTI_EnableIT_32_63	16	static
../../Drivers/STM32WBxx_HAL_Driver/Inc/stm32wbxx_ll_rcc.h:1359:22:LL_RCC_HSE_SetCapacitorTuning	16	static
../../Drivers/STM32WBxx_HAL_Driver/Inc/stm32wbxx_ll_rcc.h:2349:22:LL_RCC_SetClkAfterWakeFromStop	16	static
../../Drivers/STM32WBxx_HAL_Driver/Inc/stm32wbxx_ll_rcc.h:2913:22:LL_RCC_ForceBackupDomainReset	4	static
../../Drivers/STM32WBxx_HAL_Driver/Inc/stm32wbxx_ll_rcc.h:2923:22:LL_RCC_ReleaseBackupDomainReset	4	static
../../Drivers/STM32WBxx_HAL_Driver/Inc/stm32wbxx_ll_rcc.h:4138:26:LL_RCC_IsActiveFlag_PINRST	4	static
../../Drivers/STM32WBxx_HAL_Driver/Inc/stm32wbxx_ll_rcc.h:4148:26:LL_RCC_IsActiveFlag_SFTRST	4	static
../../Drivers/STM32WBxx_HAL_Driver/Inc/stm32wbxx_ll_bus.h:744:22:LL_AHB3_GRP1_EnableClock	24	static
../../Drivers/STM32WBxx_HAL_Driver/Inc/stm32wbxx_ll_ipcc.h:312:22:LL_C1_IPCC_DisableTransmitChannel	16	static
../../Drivers/STM32WBxx_HAL_Driver/Inc/stm32wbxx_ll_ipcc.h:381:22:LL_C1_IPCC_DisableReceiveChannel	16	static
../../Drivers/STM32WBxx_HAL_Driver/Inc/stm32wbxx_ll_ipcc.h:450:22:LL_C2_IPCC_DisableTransmitChannel	16	static
../../Drivers/STM32WBxx_HAL_Driver/Inc/stm32wbxx_ll_ipcc.h:519:22:LL_C2_IPCC_DisableReceiveChannel	16	static
../../Drivers/STM32WBxx_HAL_Driver/Inc/stm32wbxx_ll_ipcc.h:574:22:LL_C1_IPCC_ClearFlag_CHx	16	static
../../Drivers/STM32WBxx_HAL_Driver/Inc/stm32wbxx_ll_ipcc.h:645:22:LL_C2_IPCC_ClearFlag_CHx	16	static
../../Drivers/STM32WBxx_HAL_Driver/Inc/stm32wbxx_ll_rtc.h:1031:22:LL_RTC_EnableWriteProtection	16	static
../../Drivers/STM32WBxx_HAL_Driver/Inc/stm32wbxx_ll_rtc.h:1042:22:LL_RTC_DisableWriteProtection	16	static
../../Drivers/STM32WBxx_HAL_Driver/Inc/stm32wbxx_ll_rtc.h:3006:22:LL_RTC_WAKEUP_SetClock	16	static
H:/STM32WB5MM-DK Project/Zigbee_OnOff_Server_Coord/Zigbee_OnOff_Server_Coord/Core/Src/app_entry.c:116:6:MX_APPE_Config	8	static
H:/STM32WB5MM-DK Project/Zigbee_OnOff_Server_Coord/Zigbee_OnOff_Server_Coord/Core/Src/app_entry.c:136:6:MX_APPE_Init	8	static
H:/STM32WB5MM-DK Project/Zigbee_OnOff_Server_Coord/Zigbee_OnOff_Server_Coord/Core/Src/app_entry.c:171:6:Init_Smps	4	static
H:/STM32WB5MM-DK Project/Zigbee_OnOff_Server_Coord/Zigbee_OnOff_Server_Coord/Core/Src/app_entry.c:189:6:Init_Exti	8	static
H:/STM32WB5MM-DK Project/Zigbee_OnOff_Server_Coord/Zigbee_OnOff_Server_Coord/Core/Src/app_entry.c:203:6:LED_Deinit	32	static
H:/STM32WB5MM-DK Project/Zigbee_OnOff_Server_Coord/Zigbee_OnOff_Server_Coord/Core/Src/app_entry.c:224:6:LED_On	8	static
H:/STM32WB5MM-DK Project/Zigbee_OnOff_Server_Coord/Zigbee_OnOff_Server_Coord/Core/Src/app_entry.c:234:6:LED_Off	8	static
H:/STM32WB5MM-DK Project/Zigbee_OnOff_Server_Coord/Zigbee_OnOff_Server_Coord/Core/Src/app_entry.c:246:6:LED_Set_rgb	24	static
H:/STM32WB5MM-DK Project/Zigbee_OnOff_Server_Coord/Zigbee_OnOff_Server_Coord/Core/Src/app_entry.c:265:13:Reset_Device	8	static
H:/STM32WB5MM-DK Project/Zigbee_OnOff_Server_Coord/Zigbee_OnOff_Server_Coord/Core/Src/app_entry.c:277:13:Reset_BackupDomain	8	static
H:/STM32WB5MM-DK Project/Zigbee_OnOff_Server_Coord/Zigbee_OnOff_Server_Coord/Core/Src/app_entry.c:296:13:Reset_IPCC	8	static
H:/STM32WB5MM-DK Project/Zigbee_OnOff_Server_Coord/Zigbee_OnOff_Server_Coord/Core/Src/app_entry.c:334:13:Init_Debug	8	static
H:/STM32WB5MM-DK Project/Zigbee_OnOff_Server_Coord/Zigbee_OnOff_Server_Coord/Core/Src/app_entry.c:376:13:Config_HSE	16	static
H:/STM32WB5MM-DK Project/Zigbee_OnOff_Server_Coord/Zigbee_OnOff_Server_Coord/Core/Src/app_entry.c:392:13:System_Init	8	static
H:/STM32WB5MM-DK Project/Zigbee_OnOff_Server_Coord/Zigbee_OnOff_Server_Coord/Core/Src/app_entry.c:403:13:Init_Rtc	8	static
H:/STM32WB5MM-DK Project/Zigbee_OnOff_Server_Coord/Zigbee_OnOff_Server_Coord/Core/Src/app_entry.c:424:13:SystemPower_Config	8	static
H:/STM32WB5MM-DK Project/Zigbee_OnOff_Server_Coord/Zigbee_OnOff_Server_Coord/Core/Src/app_entry.c:446:13:appe_Tl_Init	40	static
H:/STM32WB5MM-DK Project/Zigbee_OnOff_Server_Coord/Zigbee_OnOff_Server_Coord/Core/Src/app_entry.c:472:13:APPE_SysStatusNot	16	static
H:/STM32WB5MM-DK Project/Zigbee_OnOff_Server_Coord/Zigbee_OnOff_Server_Coord/Core/Src/app_entry.c:487:13:APPE_SysUserEvtRx	24	static
H:/STM32WB5MM-DK Project/Zigbee_OnOff_Server_Coord/Zigbee_OnOff_Server_Coord/Core/Src/app_entry.c:512:13:APPE_SysEvtError	16	static
H:/STM32WB5MM-DK Project/Zigbee_OnOff_Server_Coord/Zigbee_OnOff_Server_Coord/Core/Src/app_entry.c:526:13:APPE_SysEvtReadyProcessing	8	static
H:/STM32WB5MM-DK Project/Zigbee_OnOff_Server_Coord/Zigbee_OnOff_Server_Coord/Core/Src/app_entry.c:542:13:Led_Init	8	static
H:/STM32WB5MM-DK Project/Zigbee_OnOff_Server_Coord/Zigbee_OnOff_Server_Coord/Core/Src/app_entry.c:572:13:Button_Init	8	static
H:/STM32WB5MM-DK Project/Zigbee_OnOff_Server_Coord/Zigbee_OnOff_Server_Coord/Core/Src/app_entry.c:590:6:LCD_DisplayInit	8	static
H:/STM32WB5MM-DK Project/Zigbee_OnOff_Server_Coord/Zigbee_OnOff_Server_Coord/Core/Src/app_entry.c:620:6:MX_APPE_Process	8	static
H:/STM32WB5MM-DK Project/Zigbee_OnOff_Server_Coord/Zigbee_OnOff_Server_Coord/Core/Src/app_entry.c:625:6:UTIL_SEQ_Idle	4	static
H:/STM32WB5MM-DK Project/Zigbee_OnOff_Server_Coord/Zigbee_OnOff_Server_Coord/Core/Src/app_entry.c:640:6:UTIL_SEQ_EvtIdle	16	static
H:/STM32WB5MM-DK Project/Zigbee_OnOff_Server_Coord/Zigbee_OnOff_Server_Coord/Core/Src/app_entry.c:668:6:shci_notify_asynch_evt	16	static
H:/STM32WB5MM-DK Project/Zigbee_OnOff_Server_Coord/Zigbee_OnOff_Server_Coord/Core/Src/app_entry.c:675:6:shci_cmd_resp_release	16	static
H:/STM32WB5MM-DK Project/Zigbee_OnOff_Server_Coord/Zigbee_OnOff_Server_Coord/Core/Src/app_entry.c:682:6:shci_cmd_resp_wait	16	static
H:/STM32WB5MM-DK Project/Zigbee_OnOff_Server_Coord/Zigbee_OnOff_Server_Coord/Core/Src/app_entry.c:690:6:TL_TRACES_EvtReceived	16	static
H:/STM32WB5MM-DK Project/Zigbee_OnOff_Server_Coord/Zigbee_OnOff_Server_Coord/Core/Src/app_entry.c:708:6:DbgOutputInit	8	static
H:/STM32WB5MM-DK Project/Zigbee_OnOff_Server_Coord/Zigbee_OnOff_Server_Coord/Core/Src/app_entry.c:723:6:DbgOutputTraces	24	static
H:/STM32WB5MM-DK Project/Zigbee_OnOff_Server_Coord/Zigbee_OnOff_Server_Coord/Core/Src/app_entry.c:737:6:BSP_PB_Callback	16	static
H:/STM32WB5MM-DK Project/Zigbee_OnOff_Server_Coord/Zigbee_OnOff_Server_Coord/Core/Src/app_entry.c:755:13:RxUART_Init	8	static
H:/STM32WB5MM-DK Project/Zigbee_OnOff_Server_Coord/Zigbee_OnOff_Server_Coord/Core/Src/app_entry.c:760:13:RxCpltCallback	8	static
H:/STM32WB5MM-DK Project/Zigbee_OnOff_Server_Coord/Zigbee_OnOff_Server_Coord/Core/Src/app_entry.c:785:13:UartCmdExecute	8	static
