../../Drivers/STM32WBxx_HAL_Driver/Inc/stm32wbxx_ll_rcc.h:1679:22:LL_RCC_LSE_SetDriveCapability	16	static
../../Drivers/STM32WBxx_HAL_Driver/Inc/stm32wbxx_ll_bus.h:364:22:LL_AHB1_GRP1_EnableClock	24	static
../../Drivers/STM32WBxx_HAL_Driver/Inc/stm32wbxx_ll_cortex.h:311:22:LL_LPM_EnableSleep	4	static
H:/STM32WB5MM-DK Project/Zigbee_OnOff_Server_Coord/Zigbee_OnOff_Server_Coord/Core/Src/main.c:77:5:main	8	static
H:/STM32WB5MM-DK Project/Zigbee_OnOff_Server_Coord/Zigbee_OnOff_Server_Coord/Core/Src/main.c:131:6:SystemClock_Config	112	static
H:/STM32WB5MM-DK Project/Zigbee_OnOff_Server_Coord/Zigbee_OnOff_Server_Coord/Core/Src/main.c:186:6:PeriphCommonClock_Config	88	static
H:/STM32WB5MM-DK Project/Zigbee_OnOff_Server_Coord/Zigbee_OnOff_Server_Coord/Core/Src/main.c:223:13:MX_IPCC_Init	8	static
H:/STM32WB5MM-DK Project/Zigbee_OnOff_Server_Coord/Zigbee_OnOff_Server_Coord/Core/Src/main.c:247:13:MX_RF_Init	4	static
H:/STM32WB5MM-DK Project/Zigbee_OnOff_Server_Coord/Zigbee_OnOff_Server_Coord/Core/Src/main.c:267:13:MX_RTC_Init	8	static
H:/STM32WB5MM-DK Project/Zigbee_OnOff_Server_Coord/Zigbee_OnOff_Server_Coord/Core/Src/main.c:301:6:MX_USART1_UART_Init	8	static
H:/STM32WB5MM-DK Project/Zigbee_OnOff_Server_Coord/Zigbee_OnOff_Server_Coord/Core/Src/main.c:344:13:MX_DMA_Init	8	static
H:/STM32WB5MM-DK Project/Zigbee_OnOff_Server_Coord/Zigbee_OnOff_Server_Coord/Core/Src/main.c:369:6:HAL_Delay	24	static,ignoring_inline_asm
H:/STM32WB5MM-DK Project/Zigbee_OnOff_Server_Coord/Zigbee_OnOff_Server_Coord/Core/Src/main.c:401:6:Error_Handler	4	static,ignoring_inline_asm
